                              1 ;--------------------------------------------------------
                              2 ; File Created by SDCC : FreeWare ANSI-C Compiler
                              3 ; Version 2.3.3 Tue May 17 12:43:17 2011
                              4 
                              5 ;--------------------------------------------------------
                              6 	.module zad1
                              7 	
                              8 ;--------------------------------------------------------
                              9 ; Public variables in this module
                             10 ;--------------------------------------------------------
                             11 	.globl _main
                             12 	.globl _wyswietl_iloczyn
                             13 	.globl _gotoXY
                             14 	.globl _init
                             15 	.globl _czekaj
                             16 	.globl _wyslij_dane
                             17 	.globl _wyslij_polecenie4
                             18 	.globl _wyslij_polecenie8
                             19 	.globl _wyswietl_iloczyn_PARM_2
                             20 	.globl _cyfry
                             21 	.globl _j
                             22 	.globl _i
                             23 	.globl _gotoXY_PARM_2
                             24 	.globl _produkt
                             25 	.globl _RS
                             26 	.globl _E
                             27 ;--------------------------------------------------------
                             28 ; special function registers
                             29 ;--------------------------------------------------------
                    0090     30 _P1	=	0x0090
                             31 ;--------------------------------------------------------
                             32 ; special function bits 
                             33 ;--------------------------------------------------------
                             34 ;--------------------------------------------------------
                             35 ; overlayable register banks 
                             36 ;--------------------------------------------------------
                             37 	.area REG_BANK_0	(REL,OVR,DATA)
   0000                      38 	.ds 8
                             39 ;--------------------------------------------------------
                             40 ; internal ram data
                             41 ;--------------------------------------------------------
                             42 	.area DSEG    (DATA)
   0000                      43 _E::
   0000                      44 	.ds 1
   0001                      45 _RS::
   0001                      46 	.ds 1
   0002                      47 _produkt::
   0002                      48 	.ds 6
   0008                      49 _gotoXY_PARM_2::
   0008                      50 	.ds 1
   0009                      51 _i::
   0009                      52 	.ds 2
   000B                      53 _j::
   000B                      54 	.ds 2
   000D                      55 _cyfry::
   000D                      56 	.ds 2
   000F                      57 _wyswietl_iloczyn_PARM_2::
   000F                      58 	.ds 2
   0011                      59 _wyswietl_iloczyn_iloczyn_1_1::
   0011                      60 	.ds 2
                             61 ;--------------------------------------------------------
                             62 ; overlayable items in internal ram 
                             63 ;--------------------------------------------------------
                             64 	.area	OSEG    (OVR,DATA)
                             65 	.area	OSEG    (OVR,DATA)
                             66 	.area	OSEG    (OVR,DATA)
                             67 	.area	OSEG    (OVR,DATA)
                             68 ;--------------------------------------------------------
                             69 ; Stack segment in internal ram 
                             70 ;--------------------------------------------------------
                             71 	.area	SSEG	(DATA)
   0000                      72 __start__stack:
   0000                      73 	.ds	1
                             74 
                             75 ;--------------------------------------------------------
                             76 ; indirectly addressable internal ram data
                             77 ;--------------------------------------------------------
                             78 	.area ISEG    (DATA)
                             79 ;--------------------------------------------------------
                             80 ; bit data
                             81 ;--------------------------------------------------------
                             82 	.area BSEG    (BIT)
                             83 ;--------------------------------------------------------
                             84 ; external ram data
                             85 ;--------------------------------------------------------
                             86 	.area XSEG    (XDATA)
                             87 ;--------------------------------------------------------
                             88 ; external initialized ram data
                             89 ;--------------------------------------------------------
                             90 	.area XISEG   (XDATA)
                             91 ;--------------------------------------------------------
                             92 ; interrupt vector 
                             93 ;--------------------------------------------------------
                             94 	.area CSEG    (CODE)
   0000                      95 __interrupt_vect:
   0000 02s00r00             96 	ljmp	__sdcc_gsinit_startup
   0003 32                   97 	reti
   0004                      98 	.ds	7
   000B 32                   99 	reti
   000C                     100 	.ds	7
   0013 32                  101 	reti
   0014                     102 	.ds	7
   001B 32                  103 	reti
   001C                     104 	.ds	7
   0023 32                  105 	reti
   0024                     106 	.ds	7
   002B 32                  107 	reti
   002C                     108 	.ds	7
                            109 ;--------------------------------------------------------
                            110 ; global & static initialisations
                            111 ;--------------------------------------------------------
                            112 	.area GSINIT  (CODE)
                            113 	.area GSFINAL (CODE)
                            114 	.area GSINIT  (CODE)
   0000                     115 __sdcc_gsinit_startup:
   0000 75 81rFF            116 	mov	sp,#__start__stack - 1
   0003 12s00r00            117 	lcall	__sdcc_external_startup
   0006 E5 82               118 	mov	a,dpl
   0008 60 03               119 	jz	__sdcc_init_data
   000A 02s00r33            120 	ljmp	__sdcc_program_startup
   000D                     121 __sdcc_init_data:
                            122 ;	_mcs51_genXINIT() start
   000D 74r00               123 	mov	a,#l_XINIT
   000F 44s00               124 	orl	a,#l_XINIT>>8
   0011 60 29               125 	jz	00003$
   0013 74r00               126 	mov	a,#s_XINIT
   0015 24r00               127 	add	a,#l_XINIT
   0017 F9                  128 	mov	r1,a
   0018 74s00               129 	mov	a,#s_XINIT>>8
   001A 34s00               130 	addc	a,#l_XINIT>>8
   001C FA                  131 	mov	r2,a
   001D 90s00r00            132 	mov	dptr,#s_XINIT
   0020 78r00               133 	mov	r0,#s_XISEG
   0022 75 A0s00            134 	mov	p2,#(s_XISEG >> 8)
   0025 E4                  135 00001$:	clr	a
   0026 93                  136 	movc	a,@a+dptr
   0027 F2                  137 	movx	@r0,a
   0028 A3                  138 	inc	dptr
   0029 08                  139 	inc	r0
   002A B8 00 02            140 	cjne	r0,#0,00002$
   002D 05 A0               141 	inc	p2
   002F E5 82               142 00002$:	mov	a,dpl
   0031 B5 01 F1            143 	cjne	a,ar1,00001$
   0034 E5 83               144 	mov	a,dph
   0036 B5 02 EC            145 	cjne	a,ar2,00001$
   0039 75 A0 FF            146 	mov	p2,#0xFF
   003C                     147 00003$:
                            148 ;	_mcs51_genXINIT() end
                            149 ;Z:\pn\z5\zad1.c:2: char E = 0x08;
                            150 ;     genAssign
   003C 75*00 08            151 	mov	_E,#0x08
                            152 ;Z:\pn\z5\zad1.c:3: char RS = 0x04;
                            153 ;     genAssign
   003F 75*01 04            154 	mov	_RS,#0x04
                            155 ;Z:\pn\z5\zad1.c:84: int j = 0;
                            156 ;     genAssign
   0042 E4                  157 	clr	a
   0043 F5*0C               158 	mov	(_j + 1),a
   0045 F5*0B               159 	mov	_j,a
                            160 ;Z:\pn\z5\zad1.c:85: int cyfry=1;
                            161 ;     genAssign
   0047 E4                  162 	clr	a
   0048 F5*0E               163 	mov	(_cyfry + 1),a
   004A 75*0D 01            164 	mov	_cyfry,#0x01
                            165 	.area GSFINAL (CODE)
   0000 02s00r33            166 	ljmp	__sdcc_program_startup
                            167 ;--------------------------------------------------------
                            168 ; Home
                            169 ;--------------------------------------------------------
                            170 	.area HOME    (CODE)
                            171 	.area CSEG    (CODE)
                            172 ;--------------------------------------------------------
                            173 ; code
                            174 ;--------------------------------------------------------
                            175 	.area CSEG    (CODE)
   0033                     176 __sdcc_program_startup:
   0033 12s03r64            177 	lcall	_main
                            178 ;	return from main will lock up
   0036 80 FE               179 	sjmp .
                            180 ;------------------------------------------------------------
                            181 ;Allocation info for local variables in function 'wyslij_polecenie8'
                            182 ;------------------------------------------------------------
                            183 ;------------------------------------------------------------
                            184 ;Z:\pn\z5\zad1.c:7: void wyslij_polecenie8(unsigned char polecenie)
                            185 ;	-----------------------------------------
                            186 ;	 function wyslij_polecenie8
                            187 ;	-----------------------------------------
   0038                     188 _wyslij_polecenie8:
                    0002    189 	ar2 = 0x02
                    0003    190 	ar3 = 0x03
                    0004    191 	ar4 = 0x04
                    0005    192 	ar5 = 0x05
                    0006    193 	ar6 = 0x06
                    0007    194 	ar7 = 0x07
                    0000    195 	ar0 = 0x00
                    0001    196 	ar1 = 0x01
                            197 ;     genReceive
   0038 AA 82               198 	mov	r2,dpl
                            199 ;Z:\pn\z5\zad1.c:9: P1=polecenie;
                            200 ;     genAssign
   003A 8A 90               201 	mov	_P1,r2
                            202 ;Z:\pn\z5\zad1.c:10: P1=polecenie | E; //gdzie E – jest mask¹ bitow¹ "ustawiaj¹c¹" liniê E – nale¿y j¹
                            203 ;     genAssign
   003C AB*00               204 	mov	r3,_E
                            205 ;     genOr
   003E EB                  206 	mov	a,r3
   003F 4A                  207 	orl	a,r2
   0040 F5 90               208 	mov	_P1,a
                            209 ;Z:\pn\z5\zad1.c:15: P1=polecenie & !E; //gdzie !E – jest zanegowana maska bitowa, zeruj¹c¹ linie E –
                            210 ;     genNot
   0042 E5*00               211 	mov	a,_E
   0044 B4 01 00            212 	cjne	a,#0x01,00103$
   0047                     213 00103$:
   0047 E4                  214 	clr	a
   0048 33                  215 	rlc	a
                            216 ;     genAnd
                            217 ;       Peephole 105   removed redundant mov
   0049 FB                  218 	mov  r3,a
   004A 5A                  219 	anl	a,r2
   004B F5 90               220 	mov	_P1,a
   004D                     221 00101$:
   004D 22                  222 	ret
                            223 ;------------------------------------------------------------
                            224 ;Allocation info for local variables in function 'wyslij_polecenie4'
                            225 ;------------------------------------------------------------
                            226 ;------------------------------------------------------------
                            227 ;Z:\pn\z5\zad1.c:19: void wyslij_polecenie4(unsigned char polecenie)
                            228 ;	-----------------------------------------
                            229 ;	 function wyslij_polecenie4
                            230 ;	-----------------------------------------
   004E                     231 _wyslij_polecenie4:
                            232 ;     genReceive
   004E AA 82               233 	mov	r2,dpl
                            234 ;Z:\pn\z5\zad1.c:21: P1=polecenie & 0xf0; //najpierw starsza po³ówka bajtu
                            235 ;     genAnd
   0050 74 F0               236 	mov	a,#0xF0
   0052 5A                  237 	anl	a,r2
   0053 FB                  238 	mov	r3,a
                            239 ;     genAssign
   0054 8B 90               240 	mov	_P1,r3
                            241 ;Z:\pn\z5\zad1.c:22: P1=(polecenie & 0xf0) | E; //sygna³ „strob”
                            242 ;     genAssign
   0056 AC*00               243 	mov	r4,_E
                            244 ;     genOr
   0058 EC                  245 	mov	a,r4
   0059 4B                  246 	orl	a,r3
   005A F5 90               247 	mov	_P1,a
                            248 ;Z:\pn\z5\zad1.c:23: P1=(polecenie & 0xf0) & !E;
                            249 ;     genNot
   005C E5*00               250 	mov	a,_E
   005E B4 01 00            251 	cjne	a,#0x01,00103$
   0061                     252 00103$:
   0061 E4                  253 	clr	a
   0062 33                  254 	rlc	a
                            255 ;     genAnd
                            256 ;       Peephole 105   removed redundant mov
   0063 FC                  257 	mov  r4,a
   0064 5B                  258 	anl	a,r3
   0065 F5 90               259 	mov	_P1,a
                            260 ;Z:\pn\z5\zad1.c:24: P1=(polecenie << 4) & 0xf0; //teraz m³odsza po³ówka bajtu
                            261 ;    genLeftShift
                            262 ;     genLeftShiftLiteral
                            263 ;     genlshOne
   0067 EA                  264 	mov	a,r2
   0068 C4                  265 	swap	a
   0069 54 F0               266 	anl	a,#0xf0
   006B FA                  267 	mov	r2,a
                            268 ;     genAnd
   006C 53 02 F0            269 	anl	ar2,#0xF0
                            270 ;     genAssign
   006F 8A 90               271 	mov	_P1,r2
                            272 ;Z:\pn\z5\zad1.c:25: P1=((polecenie << 4) & 0xf0) | E; //sygna³ „strob”
                            273 ;     genAssign
   0071 AB*00               274 	mov	r3,_E
                            275 ;     genOr
   0073 EB                  276 	mov	a,r3
   0074 4A                  277 	orl	a,r2
   0075 F5 90               278 	mov	_P1,a
                            279 ;Z:\pn\z5\zad1.c:26: P1=((polecenie << 4) & 0xf0) & !E;
                            280 ;     genAnd
   0077 EC                  281 	mov	a,r4
   0078 5A                  282 	anl	a,r2
   0079 F5 90               283 	mov	_P1,a
   007B                     284 00101$:
   007B 22                  285 	ret
                            286 ;------------------------------------------------------------
                            287 ;Allocation info for local variables in function 'wyslij_dane'
                            288 ;------------------------------------------------------------
                            289 ;------------------------------------------------------------
                            290 ;Z:\pn\z5\zad1.c:29: void wyslij_dane(unsigned char dana)
                            291 ;	-----------------------------------------
                            292 ;	 function wyslij_dane
                            293 ;	-----------------------------------------
   007C                     294 _wyslij_dane:
                            295 ;     genReceive
   007C AA 82               296 	mov	r2,dpl
                            297 ;Z:\pn\z5\zad1.c:31: P1=(dana & 0xf0) | RS;
                            298 ;     genAnd
   007E 74 F0               299 	mov	a,#0xF0
   0080 5A                  300 	anl	a,r2
   0081 FB                  301 	mov	r3,a
                            302 ;     genAssign
   0082 AC*01               303 	mov	r4,_RS
                            304 ;     genOr
   0084 EC                  305 	mov	a,r4
   0085 4B                  306 	orl	a,r3
   0086 F5 90               307 	mov	_P1,a
                            308 ;Z:\pn\z5\zad1.c:32: P1=((dana & 0xf0) | E) | RS;
                            309 ;     genAssign
   0088 AC*00               310 	mov	r4,_E
                            311 ;     genOr
   008A EB                  312 	mov	a,r3
   008B 42 04               313 	orl	ar4,a
                            314 ;     genAssign
   008D AD*01               315 	mov	r5,_RS
                            316 ;     genOr
   008F ED                  317 	mov	a,r5
   0090 4C                  318 	orl	a,r4
   0091 F5 90               319 	mov	_P1,a
                            320 ;Z:\pn\z5\zad1.c:33: P1=((dana & 0xf0) & !E) | RS;
                            321 ;     genNot
   0093 E5*00               322 	mov	a,_E
   0095 B4 01 00            323 	cjne	a,#0x01,00103$
   0098                     324 00103$:
   0098 E4                  325 	clr	a
   0099 33                  326 	rlc	a
                            327 ;     genAnd
                            328 ;       Peephole 105   removed redundant mov
   009A FC                  329 	mov  r4,a
   009B 52 03               330 	anl	ar3,a
                            331 ;     genAssign
   009D AD*01               332 	mov	r5,_RS
                            333 ;     genOr
   009F ED                  334 	mov	a,r5
   00A0 4B                  335 	orl	a,r3
   00A1 F5 90               336 	mov	_P1,a
                            337 ;Z:\pn\z5\zad1.c:34: P1=((dana << 4) & 0xf0) | RS;
                            338 ;    genLeftShift
                            339 ;     genLeftShiftLiteral
                            340 ;     genlshOne
   00A3 EA                  341 	mov	a,r2
   00A4 C4                  342 	swap	a
   00A5 54 F0               343 	anl	a,#0xf0
   00A7 FA                  344 	mov	r2,a
                            345 ;     genAnd
   00A8 53 02 F0            346 	anl	ar2,#0xF0
                            347 ;     genAssign
   00AB AB*01               348 	mov	r3,_RS
                            349 ;     genOr
   00AD EB                  350 	mov	a,r3
   00AE 4A                  351 	orl	a,r2
   00AF F5 90               352 	mov	_P1,a
                            353 ;Z:\pn\z5\zad1.c:35: P1=(((dana << 4) & 0xf0) | E) | RS;
                            354 ;     genAssign
   00B1 AB*00               355 	mov	r3,_E
                            356 ;     genOr
   00B3 EA                  357 	mov	a,r2
   00B4 42 03               358 	orl	ar3,a
                            359 ;     genAssign
   00B6 AD*01               360 	mov	r5,_RS
                            361 ;     genOr
   00B8 ED                  362 	mov	a,r5
   00B9 4B                  363 	orl	a,r3
   00BA F5 90               364 	mov	_P1,a
                            365 ;Z:\pn\z5\zad1.c:36: P1=(((dana << 4) & 0xf0) & !E) | RS;
                            366 ;     genAnd
   00BC EA                  367 	mov	a,r2
   00BD 52 04               368 	anl	ar4,a
                            369 ;     genAssign
   00BF AA*01               370 	mov	r2,_RS
                            371 ;     genOr
   00C1 EA                  372 	mov	a,r2
   00C2 4C                  373 	orl	a,r4
   00C3 F5 90               374 	mov	_P1,a
   00C5                     375 00101$:
   00C5 22                  376 	ret
                            377 ;------------------------------------------------------------
                            378 ;Allocation info for local variables in function 'czekaj'
                            379 ;------------------------------------------------------------
                            380 ;------------------------------------------------------------
                            381 ;Z:\pn\z5\zad1.c:39: void czekaj(int d){
                            382 ;	-----------------------------------------
                            383 ;	 function czekaj
                            384 ;	-----------------------------------------
   00C6                     385 _czekaj:
                            386 ;     genReceive
   00C6 AA 82               387 	mov	r2,dpl
   00C8 AB 83               388 	mov	r3,dph
                            389 ;Z:\pn\z5\zad1.c:41: for(i=0; i<d; i++){
                            390 ;     genAssign
   00CA 7C 00               391 	mov	r4,#0x00
   00CC 7D 00               392 	mov	r5,#0x00
   00CE                     393 00101$:
                            394 ;     genCmpLt
                            395 ;     genCmp
   00CE C3                  396 	clr	c
   00CF EC                  397 	mov	a,r4
   00D0 9A                  398 	subb	a,r2
   00D1 ED                  399 	mov	a,r5
   00D2 64 80               400 	xrl	a,#0x80
   00D4 8B F0               401 	mov	b,r3
   00D6 63 F0 80            402 	xrl	b,#0x80
   00D9 95 F0               403 	subb	a,b
                            404 ;     genIfxJump
                            405 ;       Peephole 108   removed ljmp by inverse jump logic
   00DB 50 08               406 	jnc  00105$
   00DD                     407 00109$:
                            408 ;Z:\pn\z5\zad1.c:44: _endasm;
                            409 ;     genInline
   00DD 00                  410 	                nop
                            411 ;Z:\pn\z5\zad1.c:41: for(i=0; i<d; i++){
                            412 ;     genPlus
                            413 ;     genPlusIncr
                            414 ;	tail increment optimized
   00DE 0C                  415 	inc	r4
   00DF BC 00 EC            416 	cjne	r4,#0x00,00101$
   00E2 0D                  417 	inc	r5
                            418 ;       Peephole 132   changed ljmp to sjmp
   00E3 80 E9               419 	sjmp 00101$
   00E5                     420 00105$:
   00E5 22                  421 	ret
                            422 ;------------------------------------------------------------
                            423 ;Allocation info for local variables in function 'init'
                            424 ;------------------------------------------------------------
                            425 ;------------------------------------------------------------
                            426 ;Z:\pn\z5\zad1.c:48: void init()
                            427 ;	-----------------------------------------
                            428 ;	 function init
                            429 ;	-----------------------------------------
   00E6                     430 _init:
                            431 ;Z:\pn\z5\zad1.c:50: wyslij_polecenie8(0x30); //3
                            432 ;     genCall
   00E6 75 82 30            433 	mov	dpl,#0x30
   00E9 12s00r38            434 	lcall	_wyslij_polecenie8
                            435 ;Z:\pn\z5\zad1.c:51: czekaj(100);
                            436 ;     genCall
                            437 ;       Peephole 182   used 16 bit load of dptr
   00EC 90 00 64            438 	mov  dptr,#(((0x00)<<8) + 0x64)
   00EF 12s00rC6            439 	lcall	_czekaj
                            440 ;Z:\pn\z5\zad1.c:52: wyslij_polecenie8(0x30); //5
                            441 ;     genCall
   00F2 75 82 30            442 	mov	dpl,#0x30
   00F5 12s00r38            443 	lcall	_wyslij_polecenie8
                            444 ;Z:\pn\z5\zad1.c:53: czekaj(100);
                            445 ;     genCall
                            446 ;       Peephole 182   used 16 bit load of dptr
   00F8 90 00 64            447 	mov  dptr,#(((0x00)<<8) + 0x64)
   00FB 12s00rC6            448 	lcall	_czekaj
                            449 ;Z:\pn\z5\zad1.c:54: wyslij_polecenie8(0x30); //7
                            450 ;     genCall
   00FE 75 82 30            451 	mov	dpl,#0x30
   0101 12s00r38            452 	lcall	_wyslij_polecenie8
                            453 ;Z:\pn\z5\zad1.c:55: czekaj(100);
                            454 ;     genCall
                            455 ;       Peephole 182   used 16 bit load of dptr
   0104 90 00 64            456 	mov  dptr,#(((0x00)<<8) + 0x64)
   0107 12s00rC6            457 	lcall	_czekaj
                            458 ;Z:\pn\z5\zad1.c:56: wyslij_polecenie8(0x20); //9
                            459 ;     genCall
   010A 75 82 20            460 	mov	dpl,#0x20
   010D 12s00r38            461 	lcall	_wyslij_polecenie8
                            462 ;Z:\pn\z5\zad1.c:57: czekaj(100);
                            463 ;     genCall
                            464 ;       Peephole 182   used 16 bit load of dptr
   0110 90 00 64            465 	mov  dptr,#(((0x00)<<8) + 0x64)
   0113 12s00rC6            466 	lcall	_czekaj
                            467 ;Z:\pn\z5\zad1.c:58: wyslij_polecenie4(0x2F); //11
                            468 ;     genCall
   0116 75 82 2F            469 	mov	dpl,#0x2F
   0119 12s00r4E            470 	lcall	_wyslij_polecenie4
                            471 ;Z:\pn\z5\zad1.c:59: czekaj(100);
                            472 ;     genCall
                            473 ;       Peephole 182   used 16 bit load of dptr
   011C 90 00 64            474 	mov  dptr,#(((0x00)<<8) + 0x64)
   011F 12s00rC6            475 	lcall	_czekaj
                            476 ;Z:\pn\z5\zad1.c:60: wyslij_polecenie4(0x08); //13
                            477 ;     genCall
   0122 75 82 08            478 	mov	dpl,#0x08
   0125 12s00r4E            479 	lcall	_wyslij_polecenie4
                            480 ;Z:\pn\z5\zad1.c:61: czekaj(100);
                            481 ;     genCall
                            482 ;       Peephole 182   used 16 bit load of dptr
   0128 90 00 64            483 	mov  dptr,#(((0x00)<<8) + 0x64)
   012B 12s00rC6            484 	lcall	_czekaj
                            485 ;Z:\pn\z5\zad1.c:62: wyslij_polecenie4(0x0E); //15
                            486 ;     genCall
   012E 75 82 0E            487 	mov	dpl,#0x0E
   0131 12s00r4E            488 	lcall	_wyslij_polecenie4
                            489 ;Z:\pn\z5\zad1.c:63: czekaj(100);
                            490 ;     genCall
                            491 ;       Peephole 182   used 16 bit load of dptr
   0134 90 00 64            492 	mov  dptr,#(((0x00)<<8) + 0x64)
   0137 12s00rC6            493 	lcall	_czekaj
                            494 ;Z:\pn\z5\zad1.c:64: wyslij_polecenie4(0x06); //17
                            495 ;     genCall
   013A 75 82 06            496 	mov	dpl,#0x06
   013D 12s00r4E            497 	lcall	_wyslij_polecenie4
                            498 ;Z:\pn\z5\zad1.c:65: czekaj(100);
                            499 ;     genCall
                            500 ;       Peephole 182   used 16 bit load of dptr
   0140 90 00 64            501 	mov  dptr,#(((0x00)<<8) + 0x64)
   0143 12s00rC6            502 	lcall	_czekaj
   0146                     503 00101$:
   0146 22                  504 	ret
                            505 ;------------------------------------------------------------
                            506 ;Allocation info for local variables in function 'gotoXY'
                            507 ;------------------------------------------------------------
                            508 ;y                         Allocated to in memory with name '_gotoXY_PARM_2'
                            509 ;x                         Allocated to registers r2 
                            510 ;i                         Allocated to registers r3 
                            511 ;------------------------------------------------------------
                            512 ;Z:\pn\z5\zad1.c:68: void gotoXY(unsigned char x, unsigned char y)
                            513 ;	-----------------------------------------
                            514 ;	 function gotoXY
                            515 ;	-----------------------------------------
   0147                     516 _gotoXY:
                            517 ;     genReceive
   0147 AA 82               518 	mov	r2,dpl
                            519 ;Z:\pn\z5\zad1.c:71: if(y==0)
                            520 ;     genCmpEq
   0149 E5*08               521 	mov	a,_gotoXY_PARM_2
                            522 ;       Peephole 162   removed sjmp by inverse jump logic
   014B 60 02               523 	jz   00108$
   014D                     524 00107$:
                            525 ;       Peephole 132   changed ljmp to sjmp
   014D 80 04               526 	sjmp 00102$
   014F                     527 00108$:
                            528 ;Z:\pn\z5\zad1.c:73: i = 128;
                            529 ;     genAssign
   014F 7B 80               530 	mov	r3,#0x80
                            531 ;       Peephole 132   changed ljmp to sjmp
   0151 80 02               532 	sjmp 00103$
   0153                     533 00102$:
                            534 ;Z:\pn\z5\zad1.c:77: i = 192;
                            535 ;     genAssign
   0153 7B C0               536 	mov	r3,#0xC0
   0155                     537 00103$:
                            538 ;Z:\pn\z5\zad1.c:79: i |= x;
                            539 ;     genOr
   0155 EA                  540 	mov	a,r2
   0156 42 03               541 	orl	ar3,a
                            542 ;Z:\pn\z5\zad1.c:80: wyslij_polecenie4(i);
                            543 ;     genCall
   0158 8B 82               544 	mov	dpl,r3
   015A 12s00r4E            545 	lcall	_wyslij_polecenie4
   015D                     546 00104$:
   015D 22                  547 	ret
                            548 ;------------------------------------------------------------
                            549 ;Allocation info for local variables in function 'wyswietl_iloczyn'
                            550 ;------------------------------------------------------------
                            551 ;y                         Allocated to in memory with name '_wyswietl_iloczyn_PARM_2'
                            552 ;x                         Allocated to registers r2 r3 
                            553 ;iloczyn                   Allocated to in memory with name '_wyswietl_iloczyn_iloczyn_1_1'
                            554 ;------------------------------------------------------------
                            555 ;Z:\pn\z5\zad1.c:87: void wyswietl_iloczyn(int x, int y)
                            556 ;	-----------------------------------------
                            557 ;	 function wyswietl_iloczyn
                            558 ;	-----------------------------------------
   015E                     559 _wyswietl_iloczyn:
                            560 ;     genReceive
                            561 ;Z:\pn\z5\zad1.c:89: int iloczyn = x * y;
                            562 ;     genAssign
                            563 ;     genCall
   015E AA 82               564 	mov     r2,dpl
   0160 AB 83               565 	mov     r3,dph
   0162 85*0F*00            566 	mov     __mulsint_PARM_2,_wyswietl_iloczyn_PARM_2
   0165 85*10*01            567 	mov     (__mulsint_PARM_2 + 1),(_wyswietl_iloczyn_PARM_2 + 1)
                            568 ;       Peephole 238c  removed 2 redundant moves
   0168 12s00r00            569 	lcall	__mulsint
   016B E5 82               570 	mov	a,dpl
   016D 85 83 F0            571 	mov	b,dph
                            572 ;     genAssign
   0170 F5*11               573 	mov	_wyswietl_iloczyn_iloczyn_1_1,a
   0172 85 F0*12            574 	mov	(_wyswietl_iloczyn_iloczyn_1_1 + 1),b
                            575 ;Z:\pn\z5\zad1.c:91: for (i = 0; i<6; i++)
                            576 ;     genAssign
   0175 E4                  577 	clr	a
   0176 F5*0A               578 	mov	(_i + 1),a
   0178 F5*09               579 	mov	_i,a
   017A                     580 00103$:
                            581 ;     genCmpLt
                            582 ;     genCmp
   017A C3                  583 	clr	c
   017B E5*09               584 	mov	a,_i
   017D 94 06               585 	subb	a,#0x06
   017F E5*0A               586 	mov	a,(_i + 1)
   0181 64 80               587 	xrl	a,#0x80
   0183 94 80               588 	subb	a,#0x80
                            589 ;     genIfxJump
                            590 ;       Peephole 108   removed ljmp by inverse jump logic
   0185 50 15               591 	jnc  00106$
   0187                     592 00123$:
                            593 ;Z:\pn\z5\zad1.c:92: produkt[i] = 0;
                            594 ;     genPlus
   0187 E5*09               595 	mov	a,_i
   0189 24r02               596 	add	a,#_produkt
                            597 ;     genPointerSet
                            598 ;     genNearPointerSet
   018B A8 E0               599 	mov	r0,acc
   018D 76 00               600 	mov	@r0,#0x00
                            601 ;Z:\pn\z5\zad1.c:91: for (i = 0; i<6; i++)
                            602 ;     genPlus
                            603 ;     genPlusIncr
   018F 74 01               604 	mov	a,#0x01
   0191 25*09               605 	add	a,_i
   0193 F5*09               606 	mov	_i,a
                            607 ;       Peephole 180   changed mov to clr
   0195 E4                  608 	clr  a
   0196 35*0A               609 	addc	a,(_i + 1)
   0198 F5*0A               610 	mov	(_i + 1),a
                            611 ;       Peephole 132   changed ljmp to sjmp
   019A 80 DE               612 	sjmp 00103$
   019C                     613 00106$:
                            614 ;Z:\pn\z5\zad1.c:95: for (i = 0; i<6; i++)
                            615 ;     genAssign
   019C E4                  616 	clr	a
   019D F5*0A               617 	mov	(_i + 1),a
   019F 75*09 06            618 	mov	_i,#0x06
   01A2                     619 00109$:
                            620 ;Z:\pn\z5\zad1.c:97: if ( iloczyn > cyfry)
                            621 ;     genCmpGt
                            622 ;     genCmp
   01A2 C3                  623 	clr	c
   01A3 E5*0D               624 	mov	a,_cyfry
   01A5 95*11               625 	subb	a,_wyswietl_iloczyn_iloczyn_1_1
   01A7 E5*0E               626 	mov	a,(_cyfry + 1)
   01A9 64 80               627 	xrl	a,#0x80
   01AB 85*12 F0            628 	mov	b,(_wyswietl_iloczyn_iloczyn_1_1 + 1)
   01AE 63 F0 80            629 	xrl	b,#0x80
   01B1 95 F0               630 	subb	a,b
                            631 ;     genIfxJump
                            632 ;       Peephole 108   removed ljmp by inverse jump logic
   01B3 50 24               633 	jnc  00102$
   01B5                     634 00124$:
                            635 ;Z:\pn\z5\zad1.c:99: j++;
                            636 ;     genPlus
                            637 ;     genPlusIncr
   01B5 74 01               638 	mov	a,#0x01
   01B7 25*0B               639 	add	a,_j
   01B9 F5*0B               640 	mov	_j,a
                            641 ;       Peephole 180   changed mov to clr
   01BB E4                  642 	clr  a
   01BC 35*0C               643 	addc	a,(_j + 1)
   01BE F5*0C               644 	mov	(_j + 1),a
                            645 ;Z:\pn\z5\zad1.c:100: cyfry = cyfry * 10;
                            646 ;     genAssign
   01C0 E4                  647 	clr	a
   01C1 F5*01               648 	mov	(__mulsint_PARM_2 + 1),a
   01C3 75*00 0A            649 	mov	__mulsint_PARM_2,#0x0A
                            650 ;     genCall
   01C6 85*0D 82            651 	mov	dpl,_cyfry
   01C9 85*0E 83            652 	mov	dph,(_cyfry + 1)
   01CC 12s00r00            653 	lcall	__mulsint
   01CF E5 82               654 	mov	a,dpl
   01D1 85 83 F0            655 	mov	b,dph
                            656 ;     genAssign
   01D4 F5*0D               657 	mov	_cyfry,a
   01D6 85 F0*0E            658 	mov	(_cyfry + 1),b
   01D9                     659 00102$:
                            660 ;     genMinus
                            661 ;     genMinusDec
   01D9 E5*09               662 	mov	a,_i
   01DB 24 FF               663 	add	a,#0xff
   01DD F5*09               664 	mov	_i,a
   01DF E5*0A               665 	mov	a,(_i + 1)
   01E1 34 FF               666 	addc	a,#0xff
   01E3 F5*0A               667 	mov	(_i + 1),a
                            668 ;Z:\pn\z5\zad1.c:95: for (i = 0; i<6; i++)
                            669 ;     genIfx
   01E5 E5*09               670 	mov	a,_i
   01E7 45*0A               671 	orl	a,(_i + 1)
                            672 ;     genIfxJump
                            673 ;       Peephole 109   removed ljmp by inverse jump logic
   01E9 70 B7               674 	jnz  00109$
   01EB                     675 00125$:
                            676 ;Z:\pn\z5\zad1.c:111: produkt[5] = '0' + (iloczyn / 100000);
                            677 ;     genCast
   01EB AC*11               678 	mov	r4,_wyswietl_iloczyn_iloczyn_1_1
   01ED AD*12               679 	mov	r5,(_wyswietl_iloczyn_iloczyn_1_1 + 1)
   01EF E5*12               680 	mov	a,(_wyswietl_iloczyn_iloczyn_1_1 + 1)
   01F1 33                  681 	rlc	a
   01F2 95 E0               682 	subb	a,acc
   01F4 FE                  683 	mov	r6,a
   01F5 FF                  684 	mov	r7,a
                            685 ;     genAssign
   01F6 75*00 A0            686 	mov	__divslong_PARM_2,#0xA0
   01F9 75*01 86            687 	mov	(__divslong_PARM_2 + 1),#0x86
   01FC 75*02 01            688 	mov	(__divslong_PARM_2 + 2),#0x01
   01FF 75*03 00            689 	mov	(__divslong_PARM_2 + 3),#0x00
                            690 ;     genCall
   0202 8C 82               691 	mov	dpl,r4
   0204 8D 83               692 	mov	dph,r5
   0206 8E F0               693 	mov	b,r6
   0208 EF                  694 	mov	a,r7
   0209 C0 04               695 	push	ar4
   020B C0 05               696 	push	ar5
   020D C0 06               697 	push	ar6
   020F C0 07               698 	push	ar7
   0211 12s00r00            699 	lcall	__divslong
   0214 A8 82               700 	mov	r0,dpl
   0216 A9 83               701 	mov	r1,dph
   0218 AA F0               702 	mov	r2,b
   021A FB                  703 	mov	r3,a
   021B D0 07               704 	pop	ar7
   021D D0 06               705 	pop	ar6
   021F D0 05               706 	pop	ar5
   0221 D0 04               707 	pop	ar4
                            708 ;     genPlus
   0223 74 30               709 	mov	a,#0x30
                            710 ;       Peephole 236a
   0225 28                  711 	add  a,r0
   0226 F8                  712 	mov	r0,a
                            713 ;       Peephole 180   changed mov to clr
   0227 E4                  714 	clr  a
                            715 ;       Peephole 236b
   0228 39                  716 	addc  a,r1
   0229 F9                  717 	mov	r1,a
                            718 ;       Peephole 180   changed mov to clr
   022A E4                  719 	clr  a
                            720 ;       Peephole 236b
   022B 3A                  721 	addc  a,r2
   022C FA                  722 	mov	r2,a
                            723 ;       Peephole 180   changed mov to clr
   022D E4                  724 	clr  a
                            725 ;       Peephole 236b
   022E 3B                  726 	addc  a,r3
   022F FB                  727 	mov	r3,a
                            728 ;     genCast
                            729 ;     genPointerSet
                            730 ;     genNearPointerSet
                            731 ;     genDataPointerSet
   0230 88*07               732 	mov	(_produkt + 0x0005),r0
                            733 ;Z:\pn\z5\zad1.c:113: iloczyn = iloczyn %100000;
                            734 ;     genAssign
   0232 75*00 A0            735 	mov	__modslong_PARM_2,#0xA0
   0235 75*01 86            736 	mov	(__modslong_PARM_2 + 1),#0x86
   0238 75*02 01            737 	mov	(__modslong_PARM_2 + 2),#0x01
   023B 75*03 00            738 	mov	(__modslong_PARM_2 + 3),#0x00
                            739 ;     genCall
   023E 8C 82               740 	mov	dpl,r4
   0240 8D 83               741 	mov	dph,r5
   0242 8E F0               742 	mov	b,r6
   0244 EF                  743 	mov	a,r7
   0245 12s00r00            744 	lcall	__modslong
   0248 AA 82               745 	mov	r2,dpl
   024A AB 83               746 	mov	r3,dph
   024C AC F0               747 	mov	r4,b
   024E FD                  748 	mov	r5,a
                            749 ;     genCast
   024F 8A*11               750 	mov	_wyswietl_iloczyn_iloczyn_1_1,r2
   0251 8B*12               751 	mov	(_wyswietl_iloczyn_iloczyn_1_1 + 1),r3
                            752 ;Z:\pn\z5\zad1.c:115: produkt[4] = '0' + (iloczyn / 10000);
                            753 ;     genAssign
   0253 75*00 10            754 	mov	__divsint_PARM_2,#0x10
   0256 75*01 27            755 	mov	(__divsint_PARM_2 + 1),#0x27
                            756 ;     genCall
   0259 85*11 82            757 	mov	dpl,_wyswietl_iloczyn_iloczyn_1_1
   025C 85*12 83            758 	mov	dph,(_wyswietl_iloczyn_iloczyn_1_1 + 1)
   025F 12s00r00            759 	lcall	__divsint
   0262 E5 82               760 	mov	a,dpl
   0264 85 83 F0            761 	mov	b,dph
                            762 ;     genPlus
   0267 24 30               763 	add	a,#0x30
   0269 FA                  764 	mov	r2,a
   026A E5 F0               765 	mov	a,b
   026C 34 00               766 	addc	a,#0x00
   026E FB                  767 	mov	r3,a
                            768 ;     genCast
                            769 ;     genPointerSet
                            770 ;     genNearPointerSet
                            771 ;     genDataPointerSet
   026F 8A*06               772 	mov	(_produkt + 0x0004),r2
                            773 ;Z:\pn\z5\zad1.c:117: iloczyn = iloczyn %10000;
                            774 ;     genAssign
   0271 75*00 10            775 	mov	__modsint_PARM_2,#0x10
   0274 75*01 27            776 	mov	(__modsint_PARM_2 + 1),#0x27
                            777 ;     genCall
   0277 85*11 82            778 	mov	dpl,_wyswietl_iloczyn_iloczyn_1_1
   027A 85*12 83            779 	mov	dph,(_wyswietl_iloczyn_iloczyn_1_1 + 1)
   027D 12s00r00            780 	lcall	__modsint
   0280 E5 82               781 	mov	a,dpl
   0282 85 83 F0            782 	mov	b,dph
                            783 ;     genAssign
   0285 F5*11               784 	mov	_wyswietl_iloczyn_iloczyn_1_1,a
   0287 85 F0*12            785 	mov	(_wyswietl_iloczyn_iloczyn_1_1 + 1),b
                            786 ;Z:\pn\z5\zad1.c:119: produkt[3] = '0' + (iloczyn / 1000); 
                            787 ;     genAssign
   028A 75*00 E8            788 	mov	__divsint_PARM_2,#0xE8
   028D 75*01 03            789 	mov	(__divsint_PARM_2 + 1),#0x03
                            790 ;     genCall
   0290 85*11 82            791 	mov	dpl,_wyswietl_iloczyn_iloczyn_1_1
   0293 85*12 83            792 	mov	dph,(_wyswietl_iloczyn_iloczyn_1_1 + 1)
   0296 12s00r00            793 	lcall	__divsint
   0299 E5 82               794 	mov	a,dpl
   029B 85 83 F0            795 	mov	b,dph
                            796 ;     genPlus
   029E 24 30               797 	add	a,#0x30
   02A0 FA                  798 	mov	r2,a
   02A1 E5 F0               799 	mov	a,b
   02A3 34 00               800 	addc	a,#0x00
   02A5 FB                  801 	mov	r3,a
                            802 ;     genCast
                            803 ;     genPointerSet
                            804 ;     genNearPointerSet
                            805 ;     genDataPointerSet
   02A6 8A*05               806 	mov	(_produkt + 0x0003),r2
                            807 ;Z:\pn\z5\zad1.c:121: iloczyn = iloczyn %1000;
                            808 ;     genAssign
   02A8 75*00 E8            809 	mov	__modsint_PARM_2,#0xE8
   02AB 75*01 03            810 	mov	(__modsint_PARM_2 + 1),#0x03
                            811 ;     genCall
   02AE 85*11 82            812 	mov	dpl,_wyswietl_iloczyn_iloczyn_1_1
   02B1 85*12 83            813 	mov	dph,(_wyswietl_iloczyn_iloczyn_1_1 + 1)
   02B4 12s00r00            814 	lcall	__modsint
   02B7 E5 82               815 	mov	a,dpl
   02B9 85 83 F0            816 	mov	b,dph
                            817 ;     genAssign
   02BC F5*11               818 	mov	_wyswietl_iloczyn_iloczyn_1_1,a
   02BE 85 F0*12            819 	mov	(_wyswietl_iloczyn_iloczyn_1_1 + 1),b
                            820 ;Z:\pn\z5\zad1.c:123: produkt[2] = '0' + (iloczyn / 100); 
                            821 ;     genAssign
   02C1 E4                  822 	clr	a
   02C2 F5*01               823 	mov	(__divsint_PARM_2 + 1),a
   02C4 75*00 64            824 	mov	__divsint_PARM_2,#0x64
                            825 ;     genCall
   02C7 85*11 82            826 	mov	dpl,_wyswietl_iloczyn_iloczyn_1_1
   02CA 85*12 83            827 	mov	dph,(_wyswietl_iloczyn_iloczyn_1_1 + 1)
   02CD 12s00r00            828 	lcall	__divsint
   02D0 E5 82               829 	mov	a,dpl
   02D2 85 83 F0            830 	mov	b,dph
                            831 ;     genPlus
   02D5 24 30               832 	add	a,#0x30
   02D7 FA                  833 	mov	r2,a
   02D8 E5 F0               834 	mov	a,b
   02DA 34 00               835 	addc	a,#0x00
   02DC FB                  836 	mov	r3,a
                            837 ;     genCast
                            838 ;     genPointerSet
                            839 ;     genNearPointerSet
                            840 ;     genDataPointerSet
   02DD 8A*04               841 	mov	(_produkt + 0x0002),r2
                            842 ;Z:\pn\z5\zad1.c:125: iloczyn = iloczyn %100;
                            843 ;     genAssign
   02DF E4                  844 	clr	a
   02E0 F5*01               845 	mov	(__modsint_PARM_2 + 1),a
   02E2 75*00 64            846 	mov	__modsint_PARM_2,#0x64
                            847 ;     genCall
   02E5 85*11 82            848 	mov	dpl,_wyswietl_iloczyn_iloczyn_1_1
   02E8 85*12 83            849 	mov	dph,(_wyswietl_iloczyn_iloczyn_1_1 + 1)
   02EB 12s00r00            850 	lcall	__modsint
   02EE E5 82               851 	mov	a,dpl
   02F0 85 83 F0            852 	mov	b,dph
                            853 ;     genAssign
   02F3 F5*11               854 	mov	_wyswietl_iloczyn_iloczyn_1_1,a
   02F5 85 F0*12            855 	mov	(_wyswietl_iloczyn_iloczyn_1_1 + 1),b
                            856 ;Z:\pn\z5\zad1.c:127: produkt[1] = '0' + (iloczyn / 10); 
                            857 ;     genAssign
   02F8 E4                  858 	clr	a
   02F9 F5*01               859 	mov	(__divsint_PARM_2 + 1),a
   02FB 75*00 0A            860 	mov	__divsint_PARM_2,#0x0A
                            861 ;     genCall
   02FE 85*11 82            862 	mov	dpl,_wyswietl_iloczyn_iloczyn_1_1
   0301 85*12 83            863 	mov	dph,(_wyswietl_iloczyn_iloczyn_1_1 + 1)
   0304 12s00r00            864 	lcall	__divsint
   0307 E5 82               865 	mov	a,dpl
   0309 85 83 F0            866 	mov	b,dph
                            867 ;     genPlus
   030C 24 30               868 	add	a,#0x30
   030E FA                  869 	mov	r2,a
   030F E5 F0               870 	mov	a,b
   0311 34 00               871 	addc	a,#0x00
   0313 FB                  872 	mov	r3,a
                            873 ;     genCast
                            874 ;     genPointerSet
                            875 ;     genNearPointerSet
                            876 ;     genDataPointerSet
   0314 8A*03               877 	mov	(_produkt + 0x0001),r2
                            878 ;Z:\pn\z5\zad1.c:129: iloczyn = iloczyn %10;
                            879 ;     genAssign
   0316 E4                  880 	clr	a
   0317 F5*01               881 	mov	(__modsint_PARM_2 + 1),a
   0319 75*00 0A            882 	mov	__modsint_PARM_2,#0x0A
                            883 ;     genCall
   031C 85*11 82            884 	mov	dpl,_wyswietl_iloczyn_iloczyn_1_1
   031F 85*12 83            885 	mov	dph,(_wyswietl_iloczyn_iloczyn_1_1 + 1)
   0322 12s00r00            886 	lcall	__modsint
   0325 E5 82               887 	mov	a,dpl
   0327 85 83 F0            888 	mov	b,dph
                            889 ;Z:\pn\z5\zad1.c:131: produkt[0] = '0' + (iloczyn / 1); 
                            890 ;     genPlus
   032A 24 30               891 	add	a,#0x30
   032C FA                  892 	mov	r2,a
   032D E5 F0               893 	mov	a,b
   032F 34 00               894 	addc	a,#0x00
   0331 FB                  895 	mov	r3,a
                            896 ;     genCast
                            897 ;     genPointerSet
                            898 ;     genNearPointerSet
                            899 ;     genDataPointerSet
   0332 8A*02               900 	mov	_produkt,r2
                            901 ;Z:\pn\z5\zad1.c:134: for (i = j-1; i>=0; i--)
                            902 ;     genMinus
                            903 ;     genMinusDec
   0334 E5*0B               904 	mov	a,_j
   0336 24 FF               905 	add	a,#0xff
   0338 F5*09               906 	mov	_i,a
   033A E5*0C               907 	mov	a,(_j + 1)
   033C 34 FF               908 	addc	a,#0xff
   033E F5*0A               909 	mov	(_i + 1),a
   0340                     910 00110$:
                            911 ;     genCmpLt
                            912 ;     genCmp
   0340 E5*0A               913 	mov	a,(_i + 1)
                            914 ;     genIfxJump
                            915 ;       Peephole 112   removed ljmp by inverse jump logic
   0342 20 E7 1E            916 	jb   acc.7,00114$
   0345                     917 00126$:
                            918 ;Z:\pn\z5\zad1.c:136: wyslij_dane(produkt[i]);	
                            919 ;     genPlus
   0345 E5*09               920 	mov	a,_i
   0347 24r02               921 	add	a,#_produkt
   0349 F8                  922 	mov	r0,a
                            923 ;     genPointerGet
                            924 ;     genNearPointerGet
   034A 86 82               925 	mov	dpl,@r0
                            926 ;     genCall
   034C 12s00r7C            927 	lcall	_wyslij_dane
                            928 ;Z:\pn\z5\zad1.c:137: czekaj(100);
                            929 ;     genCall
                            930 ;       Peephole 182   used 16 bit load of dptr
   034F 90 00 64            931 	mov  dptr,#(((0x00)<<8) + 0x64)
   0352 12s00rC6            932 	lcall	_czekaj
                            933 ;Z:\pn\z5\zad1.c:134: for (i = j-1; i>=0; i--)
                            934 ;     genMinus
                            935 ;     genMinusDec
   0355 E5*09               936 	mov	a,_i
   0357 24 FF               937 	add	a,#0xff
   0359 F5*09               938 	mov	_i,a
   035B E5*0A               939 	mov	a,(_i + 1)
   035D 34 FF               940 	addc	a,#0xff
   035F F5*0A               941 	mov	(_i + 1),a
                            942 ;       Peephole 132   changed ljmp to sjmp
   0361 80 DD               943 	sjmp 00110$
   0363                     944 00114$:
   0363 22                  945 	ret
                            946 ;------------------------------------------------------------
                            947 ;Allocation info for local variables in function 'main'
                            948 ;------------------------------------------------------------
                            949 ;------------------------------------------------------------
                            950 ;Z:\pn\z5\zad1.c:143: void main(void)
                            951 ;	-----------------------------------------
                            952 ;	 function main
                            953 ;	-----------------------------------------
   0364                     954 _main:
                            955 ;Z:\pn\z5\zad1.c:145: init();
                            956 ;     genCall
   0364 12s00rE6            957 	lcall	_init
                            958 ;Z:\pn\z5\zad1.c:146: czekaj(100);
                            959 ;     genCall
                            960 ;       Peephole 182   used 16 bit load of dptr
   0367 90 00 64            961 	mov  dptr,#(((0x00)<<8) + 0x64)
   036A 12s00rC6            962 	lcall	_czekaj
                            963 ;Z:\pn\z5\zad1.c:147: wyslij_polecenie4(0x01);
                            964 ;     genCall
   036D 75 82 01            965 	mov	dpl,#0x01
   0370 12s00r4E            966 	lcall	_wyslij_polecenie4
                            967 ;Z:\pn\z5\zad1.c:148: czekaj(100);
                            968 ;     genCall
                            969 ;       Peephole 182   used 16 bit load of dptr
   0373 90 00 64            970 	mov  dptr,#(((0x00)<<8) + 0x64)
   0376 12s00rC6            971 	lcall	_czekaj
                            972 ;Z:\pn\z5\zad1.c:149: czekaj(100);
                            973 ;     genCall
                            974 ;       Peephole 182   used 16 bit load of dptr
   0379 90 00 64            975 	mov  dptr,#(((0x00)<<8) + 0x64)
   037C 12s00rC6            976 	lcall	_czekaj
                            977 ;Z:\pn\z5\zad1.c:150: czekaj(100);
                            978 ;     genCall
                            979 ;       Peephole 182   used 16 bit load of dptr
   037F 90 00 64            980 	mov  dptr,#(((0x00)<<8) + 0x64)
   0382 12s00rC6            981 	lcall	_czekaj
                            982 ;Z:\pn\z5\zad1.c:155: gotoXY(5,1);
                            983 ;     genAssign
   0385 75*08 01            984 	mov	_gotoXY_PARM_2,#0x01
                            985 ;     genCall
   0388 75 82 05            986 	mov	dpl,#0x05
   038B 12s01r47            987 	lcall	_gotoXY
                            988 ;Z:\pn\z5\zad1.c:156: czekaj(100);
                            989 ;     genCall
                            990 ;       Peephole 182   used 16 bit load of dptr
   038E 90 00 64            991 	mov  dptr,#(((0x00)<<8) + 0x64)
   0391 12s00rC6            992 	lcall	_czekaj
                            993 ;Z:\pn\z5\zad1.c:158: wyswietl_iloczyn(10,12);
                            994 ;     genAssign
   0394 E4                  995 	clr	a
   0395 F5*10               996 	mov	(_wyswietl_iloczyn_PARM_2 + 1),a
   0397 75*0F 0C            997 	mov	_wyswietl_iloczyn_PARM_2,#0x0C
                            998 ;     genCall
                            999 ;       Peephole 182   used 16 bit load of dptr
   039A 90 00 0A           1000 	mov  dptr,#(((0x00)<<8) + 0x0A)
   039D 12s01r5E           1001 	lcall	_wyswietl_iloczyn
   03A0                    1002 00101$:
   03A0 22                 1003 	ret
                           1004 	.area CSEG    (CODE)
                           1005 	.area XINIT   (CODE)
