
Hexadecimal

Area                               Addr   Size   Decimal Bytes (Attributes)
--------------------------------   ----   ----   ------- ----- ------------
.  .ABS.                           0000   0000 =      0. bytes (ABS,OVR)

      Value  Global
   --------  --------------------------------
     0000    l_BSEG
     0000    l_BSEG_BYTES
     0000    l_HOME
     0000    l_ISEG
     0000    l_REG_BANK_1
     0000    l_REG_BANK_2
     0000    l_REG_BANK_3
     0000    l_XINIT
     0000    l_XISEG
     0000    l_XSEG
     0000    l__CODE
     0000    s_BSEG
     0000    s_REG_BANK_0
     0000    s_XISEG
     0000    s_XSEG
     0000    s__CODE
     0001    l_SSEG
     0002    l_OSEG
     0003    l_GSFINAL
     0006    l_DSEG
     0008    l_REG_BANK_0
     0008    s_DSEG
     0008    s_REG_BANK_1
     000E    s_OSEG
     0010    s_REG_BANK_2
     0010    s_SSEG
     0018    s_REG_BANK_3
     0020    s_BSEG_BYTES
     004C    l_GSINIT
     0080    s_ISEG
     02D4    l_CSEG
     4000    s_CSEG
     42D4    s_GSINIT
     4320    s_GSFINAL
     4323    s_HOME
     4323    s_XINIT
     8000    _U12
     8000    _U15
     FFFF    _U10

Hexadecimal

Area                               Addr   Size   Decimal Bytes (Attributes)
--------------------------------   ----   ----   ------- ----- ------------
_CODE                              0000   0000 =      0. bytes (REL,CON)

Hexadecimal

Area                               Addr   Size   Decimal Bytes (Attributes)
--------------------------------   ----   ----   ------- ----- ------------
REG_BANK_0                         0000   0008 =      8. bytes (REL,OVR)

Hexadecimal

Area                               Addr   Size   Decimal Bytes (Attributes)
--------------------------------   ----   ----   ------- ----- ------------
REG_BANK_1                         0008   0000 =      0. bytes (REL,OVR)

Hexadecimal

Area                               Addr   Size   Decimal Bytes (Attributes)
--------------------------------   ----   ----   ------- ----- ------------
REG_BANK_2                         0010   0000 =      0. bytes (REL,OVR)

Hexadecimal

Area                               Addr   Size   Decimal Bytes (Attributes)
--------------------------------   ----   ----   ------- ----- ------------
REG_BANK_3                         0018   0000 =      0. bytes (REL,OVR)

Hexadecimal

Area                               Addr   Size   Decimal Bits  (Attributes)
--------------------------------   ----   ----   ------- ----- ------------
BSEG                               0000   0000 =      0. bits  (REL,CON,BIT)

Hexadecimal

Area                               Addr   Size   Decimal Bytes (Attributes)
--------------------------------   ----   ----   ------- ----- ------------
BSEG_BYTES                         0020   0000 =      0. bytes (REL,CON)

Hexadecimal

Area                               Addr   Size   Decimal Bytes (Attributes)
--------------------------------   ----   ----   ------- ----- ------------
DSEG                               0008   0006 =      6. bytes (REL,CON)

      Value  Global
   --------  --------------------------------
     0008    _key
     000A    _t
     000C    _key_set

Hexadecimal

Area                               Addr   Size   Decimal Bytes (Attributes)
--------------------------------   ----   ----   ------- ----- ------------
OSEG                               000E   0002 =      2. bytes (REL,OVR)

      Value  Global
   --------  --------------------------------
     000E    __modsint_PARM_2
     000E    __moduint_PARM_2

Hexadecimal

Area                               Addr   Size   Decimal Bytes (Attributes)
--------------------------------   ----   ----   ------- ----- ------------
SSEG                               0010   0001 =      1. bytes (REL,CON)

Hexadecimal

Area                               Addr   Size   Decimal Bytes (Attributes)
--------------------------------   ----   ----   ------- ----- ------------
ISEG                               0080   0000 =      0. bytes (REL,CON)

Hexadecimal

Area                               Addr   Size   Decimal Bytes (Attributes)
--------------------------------   ----   ----   ------- ----- ------------
XSEG                               0000   0000 =      0. bytes (REL,CON,XDATA)

Hexadecimal

Area                               Addr   Size   Decimal Bytes (Attributes)
--------------------------------   ----   ----   ------- ----- ------------
XISEG                              0000   0000 =      0. bytes (REL,CON,XDATA)

Hexadecimal

Area                               Addr   Size   Decimal Bytes (Attributes)
--------------------------------   ----   ----   ------- ----- ------------
CSEG                               4000   02D4 =    724. bytes (REL,CON,CODE)

      Value  Global
   --------  --------------------------------
  0C:4038    _sleep
  0C:4057    _func_isr
  0C:416D    _init
  0C:4186    _putchar
  0C:4194    _main
  0C:4243    _klawiszZKolumny
  0C:4247    _kolumna
  0C:424B    __sdcc_external_startup
  0C:424F    __moduint
  0C:429C    __modsint

Hexadecimal

Area                               Addr   Size   Decimal Bytes (Attributes)
--------------------------------   ----   ----   ------- ----- ------------
GSINIT                             42D4   004C =     76. bytes (REL,CON,CODE)

Hexadecimal

Area                               Addr   Size   Decimal Bytes (Attributes)
--------------------------------   ----   ----   ------- ----- ------------
GSFINAL                            4320   0003 =      3. bytes (REL,CON,CODE)

Hexadecimal

Area                               Addr   Size   Decimal Bytes (Attributes)
--------------------------------   ----   ----   ------- ----- ------------
HOME                               4323   0000 =      0. bytes (REL,CON,CODE)

Hexadecimal

Area                               Addr   Size   Decimal Bytes (Attributes)
--------------------------------   ----   ----   ------- ----- ------------
XINIT                              4323   0000 =      0. bytes (REL,CON,CODE)
ASxxxx Linker V01.70 + NoICE + SDCC Feb 1999,  page 1.

Files Linked	  [ module(s) ]

zad1            

Libraries Linked		       [   object  file   ]

n:\sdcc\share\sdcc\lib\small/libsdcc.lib    [         _startup ]
n:\sdcc\share\sdcc\lib\small/libint.lib    [         _moduint ]
n:\sdcc\share\sdcc\lib\small/libint.lib    [         _modsint ]

ASxxxx Linker V01.70 + NoICE + SDCC Feb 1999,  page 2.

User Base Address Definitions

CSEG = 0x4000
XSEG = 0x0000
ISEG = 0x0080
BSEG = 0x0000

